Enter password: ********
Welcome to the MySQL monitor.  Commands end with ; or \g.
Your MySQL connection id is 8
Server version: 8.0.35 MySQL Community Server - GPL

Copyright (c) 2000, 2023, Oracle and/or its affiliates.

Oracle is a registered trademark of Oracle Corporation and/or its
affiliates. Other names may be trademarks of their respective
owners.

Type 'help;' or '\h' for help. Type '\c' to clear the current input statement.

mysql> show databases;
+--------------------+
| Database           |
+--------------------+
| information_schema |
| mounidb            |
| mysql              |
| performance_schema |
| sakila             |
| sys                |
| world              |
+--------------------+
7 rows in set (0.23 sec)

mysql> create database hospital;
Query OK, 1 row affected (0.05 sec)

mysql> use hospital;
Database changed
mysql> create table patients(
    -> id INT AUTO_INCREMENT PRIMARY KEY,
    -> name varchar(55),
    -> age INT,
    ->
    ->
    ->
    -> ;
ERROR 1064 (42000): You have an error in your SQL syntax; check the manual that corresponds to your MySQL server version for the right syntax to use near '' at line 4
mysql> use hospital;
Database changed
mysql> create table patients(
    -> id INT AUTO_INCREMENT PRIMARY KEY,
    -> name varchar(55) NOT NULL,
    -> age INT NOT NULL,
    -> Gender varchar(10) NOT NULL
    -> );
Query OK, 0 rows affected (0.30 sec)

mysql> CREATE TABLE DOCTORS(
    -> id INT AUTO_INCREMENT PRIMARY KEY,
    -> name varchar(55) NOT NULL,
    -> specialization varchar(255) not null
    -> );
Query OK, 0 rows affected (0.03 sec)

mysql> create table appointments(
    -> id INT AUTO_INCREMENT PRIMARY KEY,
    -> patient_id INT NOT NULL,
    -> doctor_id int not null,
    -> appointment_date DATE not null,
    -> FOREIGN KEY (patient_id)REFERENCES patients(id),
    -> FOREIGN KEY(doctor_id) REFERENCES DOCTORS(id)
    -> );
Query OK, 0 rows affected (0.07 sec)

mysql> show tables
    -> ;
+--------------------+
| Tables_in_hospital |
+--------------------+
| appointments       |
| doctors            |
| patients           |
+--------------------+
3 rows in set (0.03 sec)

mysql> insert into doctorrs(name,specialization) values("priyanka","Physician");
ERROR 1146 (42S02): Table 'hospital.doctorrs' doesn't exist
mysql> insert into doctors(name,specialization) values("priyanka","Physician");
Query OK, 1 row affected (0.02 sec)

mysql> insert into doctors(name,specialization) values("Shyamala","cardiologist");
Query OK, 1 row affected (0.01 sec)

mysql> select * from doctors;
+----+----------+----------------+
| id | name     | specialization |
+----+----------+----------------+
|  1 | priyanka | Physician      |
|  2 | Shyamala | cardiologist   |
+----+----------+----------------+
2 rows in set (0.00 sec)

mysql>



PROJECT HOSPITAL MANAGEMENT SYSTEM CODE:

Patient .java
package HospitalManagementSystem;

import java.sql.Connection;
import java.sql.PreparedStatement;
import java.sql.ResultSet;
import java.sql.SQLException;
import java.util.Scanner;

public class Patient {
    private Connection connection;
    private Scanner scanner;

    public Patient(Connection connection, Scanner scanner) {
        this.connection = connection;
        this.scanner = scanner;
    }

    public void addPatient() {
        System.out.print(" Enter patient Name  :");
        String name = scanner.next();
        System.out.print("Enter patient age  :");
        int age = scanner.nextInt();
        System.out.print("Enter the patient Gender");
        String Gender = scanner.next();

        try {
            String Query = "INSERT INTO patients(name,age,gender) values(?,?,?)";
            PreparedStatement preparedStatement = connection.prepareStatement(Query);
            preparedStatement.setString(1, name);
            preparedStatement.setInt(2, age);
            preparedStatement.setString(3, Gender);

            int affectedRows = preparedStatement.executeUpdate();
            if (affectedRows > 0) {
                System.out.println("patient Added Successfully");
            } else
                System.out.println("Failed to add patient Details");

        } catch (SQLException e) {
            e.printStackTrace();
        }

    }

    public void viewPatients() {
        String Query = "select * from patients";
        try {
            PreparedStatement preparedStatement = connection.prepareStatement(Query);
            ResultSet resultSet = preparedStatement.executeQuery();
            System.out.println("patients  :");
            System.out.println("+------------+----------------+------------+----------+");
            System.out.println("| patient Id | Name            |Age        |Gender    |");
            System.out.println("+------------+----------------+------------+----------+");
            while (resultSet.next()) {
                int id = resultSet.getInt("id");
                String name = resultSet.getString("name");
                int age = resultSet.getInt("age");
                String Gender = resultSet.getString("Gender");
                System.out.printf("|%-12s|%-20s|%-10s|%-12s|\n",id,name,age,Gender);
                System.out.println("+------------+----------------+------------+----------+");
            }
        } catch (Exception e) {
            e.printStackTrace();
        }
    }

    public boolean getpatient(int id) {
        String Query = "select * from patients where id=?";
        try {
            PreparedStatement preparedStatement = connection.prepareStatement(Query);
            preparedStatement.setInt(1, id);
            ResultSet resultSet = preparedStatement.executeQuery();
            if (resultSet.next()) {
                return true;
            } else {
                return false;
            }
        } catch (SQLException e) {
            e.printStackTrace();
        }
        return false;
    }

    }


Doctor.java

package HospitalManagementSystem;

import java.sql.Connection;
import java.sql.PreparedStatement;
import java.sql.ResultSet;
import java.sql.SQLException;
import java.util.Scanner;

public class Doctor {

    private Connection connection;
   // private Scanner scanner;

    public Doctor(Connection connection){
        this.connection=connection;
       // this.scanner=scanner;
    }

    public void viewDoctors(){
        String Query="select * from doctors";
        try {
            PreparedStatement preparedStatement= connection.prepareStatement(Query);
            ResultSet resultSet= preparedStatement.executeQuery();
            System.out.println("Doctors  :");
            System.out.println("+------------+----------------+-------------------+");
            System.out.println("| Doctor Id | Name            |specialization     |");
            System.out.println("+------------+----------------+-------------------+");
            while (resultSet.next()){
                int id=resultSet.getInt("id");
                String name=resultSet.getString("name");
                String specialization=resultSet.getString("specialization");
                System.out.printf("|%-12s|%-20s|%-20s|\n",id,name,specialization);
                System.out.println("+------------+----------------+-------------------+");
            }
        } catch (Exception e) {
            e.printStackTrace();
        }
    }
    public boolean getdoctor(int id){
        String Query="select * from doctors where id=?";
        try {
            PreparedStatement preparedStatement= connection.prepareStatement(Query);
            preparedStatement.setInt(1,id);
            ResultSet resultSet= preparedStatement.executeQuery();
            if (resultSet.next()){
                return true;
            }
            else {
                return false;
            }
        }catch (SQLException e){
            e.printStackTrace();
        }
        return false;
    }

}

MAin.java

package HospitalManagementSystem;

import java.sql.Connection;
import java.sql.PreparedStatement;
import java.sql.ResultSet;
import java.sql.SQLException;
import java.util.Scanner;

public class Doctor {

    private Connection connection;
   // private Scanner scanner;

    public Doctor(Connection connection){
        this.connection=connection;
       // this.scanner=scanner;
    }

    public void viewDoctors(){
        String Query="select * from doctors";
        try {
            PreparedStatement preparedStatement= connection.prepareStatement(Query);
            ResultSet resultSet= preparedStatement.executeQuery();
            System.out.println("Doctors  :");
            System.out.println("+------------+----------------+-------------------+");
            System.out.println("| Doctor Id | Name            |specialization     |");
            System.out.println("+------------+----------------+-------------------+");
            while (resultSet.next()){
                int id=resultSet.getInt("id");
                String name=resultSet.getString("name");
                String specialization=resultSet.getString("specialization");
                System.out.printf("|%-12s|%-20s|%-20s|\n",id,name,specialization);
                System.out.println("+------------+----------------+-------------------+");
            }
        } catch (Exception e) {
            e.printStackTrace();
        }
    }
    public boolean getdoctor(int id){
        String Query="select * from doctors where id=?";
        try {
            PreparedStatement preparedStatement= connection.prepareStatement(Query);
            preparedStatement.setInt(1,id);
            ResultSet resultSet= preparedStatement.executeQuery();
            if (resultSet.next()){
                return true;
            }
            else {
                return false;
            }
        }catch (SQLException e){
            e.printStackTrace();
        }
        return false;
    }

}
